main.c:67:5:main	80	static
main.c:124:6:SystemClock_Config	72	static
main.c:160:13:MX_USART1_UART_Init	8	static
main.c:189:13:MX_GPIO_Init	16	static
main.c:198:6:Flash_Erase_One_Page	112	static
main.c:232:6:Flash_Write_uint32	104	static
main.c:255:10:Flash_Read_uint32	96	static
main.c:270:6:Flash_Write_uint16	104	static
main.c:293:10:Flash_Read_uint16	96	static
main.c:308:6:Flash_Write_uint64	120	static
main.c:332:10:Flash_Read_uint64	112	static
main.c:348:6:Flash_Write_Byte_Array	120	static
main.c:383:6:Flash_Read_By_Byte	96	static
main.c:405:6:Error_Handler	4	static,ignoring_inline_asm
